json = {};
json.person = {};
json.person.name = "Alice";
json.person.age = 25;
json.person.address = {};
json.person.address.city = "Paris";    
json.person.address.country = "France";