json = {};
json.numbers = {};  
json.numbers[0] = 1;
json.numbers[1] = 2;
json.numbers[2] = 3;
json.numbers[3] = 4;
json.numbers[4] = 5;
json.colors = {};
json.colors[0] = "red";
json.colors[1] = "green";
json.colors[2] = "blue";