Sum Of Column 'Population': 4095.0
Sum Of Column 'GDP': 44.699999999999996