Lines:      25
Words:      532
Characters: 3277
In file:    test\wc.test_2.in