Lines:      4
Words:      5
Characters: 20
In file:    test/wc.test_1.in