 25 532 test/wc.test_2.in       
 19 4 test/wc.test_3.in
 44 536 total