 10 19 102 test/wc.test_1.in
 25 532 3276 test/wc.test_2.in
 35 551 3378 total