Lines:      1
Words:      3
Characters: 16
In file:    test/wc.test_3.in